Component: ARM Compiler 5.06 update 5 (build 528) Tool: armlink [4d35e2]

==============================================================================

Section Cross References

    main.o(.text) refers to memcpya.o(.text) for __aeabi_memcpy4
    main.o(.text) refers to memseta.o(.text) for __aeabi_memclr4
    main.o(.text) refers to misc.o(.text) for NVIC_PriorityGroupConfig
    main.o(.text) refers to delay.o(.text) for delay_init
    main.o(.text) refers to usart.o(.text) for uart_init
    main.o(.text) refers to uart2.o(.text) for uart2_init
    main.o(.text) refers to telecontrol.o(.text) for USART1_SBUS_Init
    main.o(.text) refers to uart5.o(.text) for uart5_init
    main.o(.text) refers to uart4.o(.text) for uart4_init
    main.o(.text) refers to retrofit.o(.text) for retrofit_init
    main.o(.text) refers to led.o(.text) for LED_Init
    main.o(.text) refers to iic.o(.text) for IIC_2_Init
    main.o(.text) refers to exti.o(.text) for EXTIX_Init
    main.o(.text) refers to pwm.o(.text) for TIM1_PWM_Init
    main.o(.text) refers to stm32f4xx_tim.o(.text) for TIM_SetCompare1
    main.o(.text) refers to dadd.o(.text) for __aeabi_dsub
    main.o(.text) refers to ddiv.o(.text) for __aeabi_ddiv
    main.o(.text) refers to iwdg.o(.text) for IWDG_Init
    main.o(.text) refers to path_plan.o(.text) for path_plan
    main.o(.text) refers to printfa.o(i.__0printf) for __2printf
    main.o(.text) refers to printfa.o(i.__0sprintf) for __2sprintf
    main.o(.text) refers to f2d.o(.text) for __aeabi_f2d
    main.o(.text) refers to cdrcmple.o(.text) for __aeabi_cdrcmple
    main.o(.text) refers to fabs.o(i.__hardfp_fabs) for __hardfp_fabs
    main.o(.text) refers to main.o(.constdata) for .constdata
    main.o(.text) refers to main.o(.data) for .data
    main.o(.text) refers to adc.o(.bss) for AD_angle
    main.o(.text) refers to path_plan.o(.bss) for veloc
    main.o(.text) refers to uart3.o(.bss) for regGroup
    main.o(.text) refers to telecontrol.o(.bss) for sbus_channel
    main.o(.text) refers to path_plan.o(.data) for mp3_other
    main.o(.text) refers to iic.o(.data) for stop_voltage
    main.o(.text) refers to cdcmple.o(.text) for __aeabi_cdcmple
    main.o(.text) refers to dmul.o(.text) for __aeabi_dmul
    main.o(.text) refers to dfixi.o(.text) for __aeabi_d2iz
    main.o(.text) refers to dflti.o(.text) for __aeabi_i2d
    main.o(.text) refers to uart4.o(.data) for delay_usr
    main.o(.text) refers to main.o(.conststring) for .conststring
    system_stm32f4xx.o(.text) refers to system_stm32f4xx.o(.data) for .data
    led.o(.text) refers to stm32f4xx_rcc.o(.text) for RCC_AHB1PeriphClockCmd
    led.o(.text) refers to stm32f4xx_gpio.o(.text) for GPIO_Init
    led.o(.text) refers to printfa.o(i.__0printf) for __2printf
    led.o(.text) refers to cdrcmple.o(.text) for __aeabi_cdrcmple
    led.o(.text) refers to path_plan.o(.bss) for angle
    led.o(.text) refers to main.o(.data) for wheel_angle_limit
    led.o(.text) refers to main.o(.data) for flag_car_mode
    pwm.o(.text) refers to stm32f4xx_rcc.o(.text) for RCC_APB2PeriphClockCmd
    pwm.o(.text) refers to stm32f4xx_gpio.o(.text) for GPIO_PinAFConfig
    pwm.o(.text) refers to stm32f4xx_tim.o(.text) for TIM_TimeBaseInit
    pwm.o(.text) refers to ddiv.o(.text) for __aeabi_ddiv
    pwm.o(.text) refers to dmul.o(.text) for __aeabi_dmul
    pwm.o(.text) refers to dfixi.o(.text) for __aeabi_d2iz
    pwm.o(.text) refers to led.o(.text) for replay_switch
    pwm.o(.text) refers to dflti.o(.text) for __aeabi_i2d
    pwm.o(.text) refers to dadd.o(.text) for __aeabi_dadd
    pwm.o(.text) refers to main.o(.data) for veloc_limit
    beep.o(.text) refers to stm32f4xx_rcc.o(.text) for RCC_AHB1PeriphClockCmd
    beep.o(.text) refers to stm32f4xx_gpio.o(.text) for GPIO_Init
    exti.o(.text) refers to delay.o(.text) for delay_ms
    exti.o(.text) refers to stm32f4xx_tim.o(.text) for TIM_Cmd
    exti.o(.text) refers to stm32f4xx_exti.o(.text) for EXTI_ClearITPendingBit
    exti.o(.text) refers to stm32f4xx_rcc.o(.text) for RCC_AHB1PeriphClockCmd
    exti.o(.text) refers to stm32f4xx_gpio.o(.text) for GPIO_Init
    exti.o(.text) refers to stm32f4xx_syscfg.o(.text) for SYSCFG_EXTILineConfig
    exti.o(.text) refers to misc.o(.text) for NVIC_Init
    exti.o(.text) refers to uart4.o(.data) for delay_usr
    key.o(.text) refers to stm32f4xx_rcc.o(.text) for RCC_AHB1PeriphClockCmd
    key.o(.text) refers to stm32f4xx_gpio.o(.text) for GPIO_Init
    lcd.o(.text) refers to delay.o(.text) for delay_us
    lcd.o(.text) refers to lcd.o(.bss) for .bss
    lcd.o(.text) refers to dfltui.o(.text) for __aeabi_ui2d
    lcd.o(.text) refers to dmul.o(.text) for __aeabi_dmul
    lcd.o(.text) refers to dfixui.o(.text) for __aeabi_d2uiz
    lcd.o(.text) refers to lcd.o(.data) for .data
    lcd.o(.text) refers to stm32f4xx_rcc.o(.text) for RCC_AHB1PeriphClockCmd
    lcd.o(.text) refers to stm32f4xx_gpio.o(.text) for GPIO_Init
[...]
    .data                                    0x20000070   Section        8  main.o(.data)
    .data                                    0x20000078   Section        1  main.o(.data)
    .data                                    0x20000080   Section        8  main.o(.data)
    .data                                    0x20000088   Section        1  main.o(.data)
    .data                                    0x2000008c   Section       20  system_stm32f4xx.o(.data)
    .data                                    0x200000a0   Section       88  path_plan.o(.data)
    Switch_direction_flag                    0x200000a8   Data           4  path_plan.o(.data)
    Switch_direction_flag_2                  0x200000ac   Data           4  path_plan.o(.data)
    Switch_way_flag                          0x200000b0   Data           4  path_plan.o(.data)
    Switch_way_flag_work                     0x200000b4   Data           4  path_plan.o(.data)
    Switch_way_flag_work_allow               0x200000b8   Data           4  path_plan.o(.data)
    Switch_way_flag_2                        0x200000bc   Data           4  path_plan.o(.data)
    .data                                    0x200000f8   Section        6  telecontrol.o(.data)
    UART1_Rec_Len                            0x200000fa   Data           1  telecontrol.o(.data)
    .data                                    0x200000fe   Section      512  crc2.o(.data)
    auchCRCHi                                0x200000fe   Data         256  crc2.o(.data)
    auchCRCLo                                0x200001fe   Data         256  crc2.o(.data)
    .data                                    0x20000300   Section       32  uart5.o(.data)
    .data                                    0x20000320   Section        2  uart5.o(.data)
    .data                                    0x20000328   Section       16  uart2.o(.data)
    .data                                    0x20000338   Section       12  uart4.o(.data)
    USART4_RX_BKP                            0x2000033a   Data           1  uart4.o(.data)
    idletmr4                                 0x2000033b   Data           1  uart4.o(.data)
    k                                        0x20000340   Data           4  uart4.o(.data)
    .data                                    0x20000348   Section      136  iic.o(.data)
    .data                                    0x200003d0   Section        6  uart3.o(.data)
    len                                      0x200003d2   Data           1  uart3.o(.data)
    num                                      0x200003d3   Data           1  uart3.o(.data)
    USART3_RX_BKP                            0x200003d4   Data           1  uart3.o(.data)
    idletmr                                  0x200003d5   Data           1  uart3.o(.data)
    .data                                    0x200003d6   Section        4  delay.o(.data)
    fac_us                                   0x200003d6   Data           1  delay.o(.data)
    fac_ms                                   0x200003d8   Data           2  delay.o(.data)
    .data                                    0x200003da   Section        2  usart.o(.data)
    .data                                    0x200003dc   Section        4  usart.o(.data)
    .data                                    0x200003e0   Section       16  stm32f4xx_rcc.o(.data)
    APBAHBPrescTable                         0x200003e0   Data          16  stm32f4xx_rcc.o(.data)
    .data                                    0x200003f0   Section        6  protocol.o(.data)
    pstate                                   0x200003f0   Data           1  protocol.o(.data)
    crc_lo                                   0x200003f1   Data           1  protocol.o(.data)
    body_len                                 0x200003f2   Data           2  protocol.o(.data)
    body_idx                                 0x200003f4   Data           2  protocol.o(.data)
    .data                                    0x200003f8   Section       44  retrofit.o(.data)
    mode                                     0x200003f8   Data           1  retrofit.o(.data)
    estop_latched                            0x200003f9   Data           1  retrofit.o(.data)
    lift_bits                                0x200003fa   Data           1  retrofit.o(.data)
    rx_byte                                  0x200003fb   Data           1  retrofit.o(.data)
    tx_seq                                   0x200003fc   Data           2  retrofit.o(.data)
    tick_ms                                  0x20000400   Data           4  retrofit.o(.data)
    last_pc_ms                               0x20000404   Data           4  retrofit.o(.data)
    sbus_last_ms                             0x20000408   Data           4  retrofit.o(.data)
    applied_mm                               0x2000040c   Data           4  retrofit.o(.data)
    cmd_vl                                   0x20000410   Data           4  retrofit.o(.data)
    cmd_vr                                   0x20000414   Data           4  retrofit.o(.data)
    tool_offset_mm                           0x20000418   Data           4  retrofit.o(.data)
    last                                     0x2000041c   Data           8  retrofit.o(.data)
    .data                                    0x20000424   Section        4  errno.o(.data)
    _errno                                   0x20000424   Data           4  errno.o(.data)
    .bss                                     0x20000428   Section       32  adc.o(.bss)
    .bss                                     0x20000448   Section       64  path_plan.o(.bss)
    .bss                                     0x20000488   Section      164  telecontrol.o(.bss)
    .bss                                     0x2000052c   Section      100  uart5.o(.bss)
    .bss                                     0x20000590   Section       32  uart2.o(.bss)
    .bss                                     0x200005b0   Section      220  uart4.o(.bss)
    buf                                      0x20000610   Data          60  uart4.o(.bss)
    .bss                                     0x2000068c   Section      140  uart3.o(.bss)
    buf                                      0x2000069c   Data          60  uart3.o(.bss)
    .bss                                     0x20000718   Section      200  usart.o(.bss)
    .bss                                     0x200007e0   Section      517  protocol.o(.bss)
    body_buf                                 0x200007e0   Data         517  protocol.o(.bss)
    .bss                                     0x200009e8   Section      566  retrofit.o(.bss)
    cap_period                               0x200009e8   Data          16  retrofit.o(.bss)
    cap_edge_ms                              0x200009f8   Data          16  retrofit.o(.bss)
    wheel_speed_mps                          0x20000a08   Data          16  retrofit.o(.bss)
    rx_frame                                 0x20000a18   Data         518  retrofit.o(.bss)
    STACK                                    0x20000c20   Section     1024  startup_stm32f40_41xxx.o(STACK)

    Global Symbols

    Symbol Name                              Value     Ov Type        Size  Object(Section)

    BuildAttributes$$THM_ISAv4$E$P$D$K$B$S$7EM$VFPi3$EXTD16$VFPS$VFMA$PE$A:L22UL41UL21$X:L11$S22US41US21$IEEE1$IW$USESV6$~STKCKD$USESV7$~SHL$OTIME$ROPI$IEEEX$EBA8$MICROLIB$REQ8$PRES8$EABIv2 0x00000000   Number         0  anon$$obj.o ABSOLUTE
    __ARM_use_no_argv                        0x00000000   Number         0  main.o ABSOLUTE
    __use_no_errno                           0x00000000   Number         0  useno.o ABSOLUTE
    __use_no_exception_handling              0x00000000   Number         0  useno.o ABSOLUTE
    __use_no_fp                              0x00000000   Number         0  useno.o ABSOLUTE
    __use_no_heap                            0x00000000   Number         0  useno.o ABSOLUTE
    __use_no_heap_region                     0x00000000   Number         0  useno.o ABSOLUTE
    __use_no_semihosting                     0x00000000   Number         0  useno.o ABSOLUTE
    __use_no_semihosting_swi                 0x00000000   Number         0  useno.o ABSOLUTE
    __use_no_signal_handling                 0x00000000   Number         0  useno.o ABSOLUTE
    _printf_a                                0x00000000   Number         0  stubs.o ABSOLUTE
    _printf_c                                0x00000000   Number         0  stubs.o ABSOLUTE
    _printf_charcount                        0x00000000   Number         0  stubs.o ABSOLUTE
    _printf_d                                0x00000000   Number         0  stubs.o ABSOLUTE
    _printf_e                                0x00000000   Number         0  stubs.o ABSOLUTE
    _printf_f                                0x00000000   Number         0  stubs.o ABSOLUTE
    _printf_flags                            0x00000000   Number         0  stubs.o ABSOLUTE
    _printf_fp_dec                           0x00000000   Number         0  stubs.o ABSOLUTE
    _printf_fp_hex                           0x00000000   Number         0  stubs.o ABSOLUTE
    _printf_g                                0x00000000   Number         0  stubs.o ABSOLUTE
    _printf_i                                0x00000000   Number         0  stubs.o ABSOLUTE
    _printf_int_dec                          0x00000000   Number         0  stubs.o ABSOLUTE
    _printf_l                                0x00000000   Number         0  stubs.o ABSOLUTE
    _printf_lc                               0x00000000   Number         0  stubs.o ABSOLUTE
    _printf_ll                               0x00000000   Number         0  stubs.o ABSOLUTE
    _printf_lld                              0x00000000   Number         0  stubs.o ABSOLUTE
    _printf_lli                              0x00000000   Number         0  stubs.o ABSOLUTE
    _printf_llo                              0x00000000   Number         0  stubs.o ABSOLUTE
    _printf_llu                              0x00000000   Number         0  stubs.o ABSOLUTE
    _printf_llx                              0x00000000   Number         0  stubs.o ABSOLUTE
    _printf_longlong_dec                     0x00000000   Number         0  stubs.o ABSOLUTE
    _printf_longlong_hex                     0x00000000   Number         0  stubs.o ABSOLUTE
    _printf_longlong_oct                     0x00000000   Number         0  stubs.o ABSOLUTE
    _printf_ls                               0x00000000   Number         0  stubs.o ABSOLUTE
    _printf_mbtowc                           0x00000000   Number         0  stubs.o ABSOLUTE
    _printf_n                                0x00000000   Number         0  stubs.o ABSOLUTE
    _printf_o                                0x00000000   Number         0  stubs.o ABSOLUTE
    _printf_p                                0x00000000   Number         0  stubs.o ABSOLUTE
    _printf_percent                          0x00000000   Number         0  stubs.o ABSOLUTE
    _printf_pre_padding                      0x00000000   Number         0  stubs.o ABSOLUTE
    _printf_return_value                     0x00000000   Number         0  stubs.o ABSOLUTE
    _printf_s                                0x00000000   Number         0  stubs.o ABSOLUTE
    _printf_sizespec                         0x00000000   Number         0  stubs.o ABSOLUTE
    _printf_str                              0x00000000   Number         0  stubs.o ABSOLUTE
    _printf_truncate_signed                  0x00000000   Number         0  stubs.o ABSOLUTE
    _printf_truncate_unsigned                0x00000000   Number         0  stubs.o ABSOLUTE
    _printf_u                                0x00000000   Number         0  stubs.o ABSOLUTE
    _printf_wc                               0x00000000   Number         0  stubs.o ABSOLUTE
    _printf_wctomb                           0x00000000   Number         0  stubs.o ABSOLUTE
    _printf_widthprec                        0x00000000   Number         0  stubs.o ABSOLUTE
    _printf_x                                0x00000000   Number         0  stubs.o ABSOLUTE
    __cpp_initialize__aeabi_                  - Undefined Weak Reference
    __cxa_finalize                            - Undefined Weak Reference
    _clock_init                               - Undefined Weak Reference
    _microlib_exit                            - Undefined Weak Reference
    __Vectors_Size                           0x00000188   Number         0  startup_stm32f40_41xxx.o ABSOLUTE
    __Vectors                                0x08000000   Data           4  startup_stm32f40_41xxx.o(RESET)
    __Vectors_End                            0x08000188   Data           0  startup_stm32f40_41xxx.o(RESET)
    __main                                   0x08000189   Thumb Code     0  entry.o(.ARM.Collect$$$$00000000)
    _main_stk                                0x08000189   Thumb Code     0  entry2.o(.ARM.Collect$$$$00000001)
    _main_scatterload                        0x0800018d   Thumb Code     0  entry5.o(.ARM.Collect$$$$00000004)
    __main_after_scatterload                 0x08000191   Thumb Code     0  entry5.o(.ARM.Collect$$$$00000004)
    _main_clock                              0x08000191   Thumb Code     0  entry7b.o(.ARM.Collect$$$$00000008)
    _main_cpp_init                           0x08000191   Thumb Code     0  entry8b.o(.ARM.Collect$$$$0000000A)
    _main_init                               0x08000191   Thumb Code     0  entry9a.o(.ARM.Collect$$$$0000000B)
    __rt_final_cpp                           0x08000199   Thumb Code     0  entry10a.o(.ARM.Collect$$$$0000000D)
    __rt_final_exit                          0x08000199   Thumb Code     0  entry11a.o(.ARM.Collect$$$$0000000F)
    main                                     0x0800019d   Thumb Code  3610  main.o(.text)
    NMI_Handler                              0x080010a1   Thumb Code     2  stm32f4xx_it.o(.text)
    HardFault_Handler                        0x080010a3   Thumb Code     2  stm32f4xx_it.o(.text)
    MemManage_Handler                        0x080010a5   Thumb Code     2  stm32f4xx_it.o(.text)
    BusFault_Handler                         0x080010a7   Thumb Code     2  stm32f4xx_it.o(.text)
    UsageFault_Handler                       0x080010a9   Thumb Code     2  stm32f4xx_it.o(.text)
    SVC_Handler                              0x080010ab   Thumb Code     2  stm32f4xx_it.o(.text)
    DebugMon_Handler                         0x080010ad   Thumb Code     2  stm32f4xx_it.o(.text)
    PendSV_Handler                           0x080010af   Thumb Code     2  stm32f4xx_it.o(.text)
    SysTick_Handler                          0x080010b1   Thumb Code     2  stm32f4xx_it.o(.text)
    SystemInit                               0x0800115d   Thumb Code    74  system_stm32f4xx.o(.text)
    SystemCoreClockUpdate                    0x080011a7   Thumb Code   122  system_stm32f4xx.o(.text)
    LED_Init                                 0x08001245   Thumb Code    58  led.o(.text)
    replay_switch_Init                       0x0800127f   Thumb Code   498  led.o(.text)
    mp3_control                              0x08001471   Thumb Code   412  led.o(.text)
    replay_switch                            0x0800160d   Thumb Code    54  led.o(.text)
    Touch_detection                          0x08001643   Thumb Code   196  led.o(.text)
    wheel_angle_limit_set                    0x08001707   Thumb Code   304  led.o(.text)
    select_flag_car_mode                     0x08001837   Thumb Code   162  led.o(.text)
    TIM1_PWM_Init                            0x08001991   Thumb Code   240  pwm.o(.text)
    pwm_veloc                                0x08001a81   Thumb Code   364  pwm.o(.text)
    BigRelayPWM_Init                         0x08001bed   Thumb Code   162  pwm.o(.text)
    EXTI3_IRQHandler                         0x08001cb1   Thumb Code    56  exti.o(.text)
    EXTIX_Init                               0x08001ce9   Thumb Code   110  exti.o(.text)
    path_circle_around                       0x08001d69   Thumb Code   224  path_plan.o(.text)
    path_diagonal_rear                       0x08001e49   Thumb Code    52  path_plan.o(.text)
    path_diagonal_front                      0x08001e7d   Thumb Code    38  path_plan.o(.text)
    limit_angle_veloc                        0x08001ea3   Thumb Code   594  path_plan.o(.text)
    four_Relative_rear                       0x080020f5   Thumb Code  1392  path_plan.o(.text)
    four_Relative_front                      0x08002665   Thumb Code  1264  path_plan.o(.text)
    ackman_steering_rear                     0x08002b55   Thumb Code  1536  path_plan.o(.text)
    ackman_steering_front                    0x08003155   Thumb Code  1424  path_plan.o(.text)
    telecontrol                              0x080036e5   Thumb Code   716  path_plan.o(.text)
    telecontrol_anazye_little                0x080039b1   Thumb Code  1726  path_plan.o(.text)
    path_plan                                0x0800406f   Thumb Code   294  path_plan.o(.text)
    work_equipment_control                   0x08004195   Thumb Code     2  path_plan.o(.text)
    USART1_SBUS_Init                         0x080041f5   Thumb Code   270  telecontrol.o(.text)
    USART1_DMATransfer                       0x08004303   Thumb Code    40  telecontrol.o(.text)
    DMA2_S5_Reset                            0x0800432b   Thumb Code    38  telecontrol.o(.text)
    USART1_IRQHandler                        0x08004351   Thumb Code   334  telecontrol.o(.text)
    DMA2_Stream7_IRQHandler                  0x0800449f   Thumb Code    56  telecontrol.o(.text)
    sbus_filter                              0x080044d7   Thumb Code    70  telecontrol.o(.text)
    Crc16withTable                           0x08004539   Thumb Code    38  crc2.o(.text)
    uart5_init                               0x08004565   Thumb Code   206  uart5.o(.text)
    UART5_IRQHandler                         0x08004633   Thumb Code   234  uart5.o(.text)
    UART5_Put_Char                           0x0800471d   Thumb Code    30  uart5.o(.text)
    send_Operation_parameters                0x0800473b   Thumb Code   284  uart5.o(.text)
    HMISends                                 0x08004857   Thumb Code    40  uart5.o(.text)
    USART2_IRQHandler                        0x080048c9   Thumb Code    44  uart2.o(.text)
    RS485_Send_Data                          0x080048f5   Thumb Code    64  uart2.o(.text)
    read_encoder                             0x08004935   Thumb Code   210  uart2.o(.text)
    read_ultrasonic_1                        0x08004a07   Thumb Code   168  uart2.o(.text)
    read_ultrasonic_234                      0x08004aaf   Thumb Code   192  uart2.o(.text)
    read_ultrasonic_1234                     0x08004b6f   Thumb Code   276  uart2.o(.text)
    set_median                               0x08004c83   Thumb Code   234  uart2.o(.text)
    set_adresss                              0x08004d6d   Thumb Code    68  uart2.o(.text)
    uart2_init                               0x08004db1   Thumb Code   204  uart2.o(.text)
    get_angle_encode                         0x08004e7d   Thumb Code    54  uart2.o(.text)
    uart4_init                               0x08004ec1   Thumb Code   162  uart4.o(.text)
    UART4_IRQHandler                         0x08004f63   Thumb Code    44  uart4.o(.text)
    UART4_Put_Char                           0x08004f8f   Thumb Code    30  uart4.o(.text)
    mosbus_EN                                0x08004fad   Thumb Code    72  uart4.o(.text)
    motor_EN                                 0x08004ff5   Thumb Code    72  uart4.o(.text)
    motor_speed                              0x0800503d   Thumb Code    74  uart4.o(.text)
    send_angle                               0x08005087   Thumb Code   208  uart4.o(.text)
    UartRxMonitor4                           0x08005157   Thumb Code    54  uart4.o(.text)
    Uart4Read                                0x0800518d   Thumb Code    44  uart4.o(.text)
    manua_control                            0x080051b9   Thumb Code   422  uart4.o(.text)
    work_send_control                        0x0800535f   Thumb Code  1304  uart4.o(.text)
    safei_work_send_control                  0x08005877   Thumb Code    56  uart4.o(.text)
    TIM7_Init                                0x080058af   Thumb Code   114  uart4.o(.text)
    TIM7_IRQHandler                          0x08005921   Thumb Code    40  uart4.o(.text)
    IWDG_Init                                0x08005955   Thumb Code    38  iwdg.o(.text)
    IWDG_Feed                                0x0800597b   Thumb Code     4  iwdg.o(.text)
    IIC_1_Init                               0x08005981   Thumb Code    54  iic.o(.text)
    IIC_1_Start                              0x080059b7   Thumb Code    48  iic.o(.text)
    IIC_1_Stop                               0x080059e7   Thumb Code    50  iic.o(.text)
    IIC_1_Wait_Ack                           0x08005a19   Thumb Code    74  iic.o(.text)
    IIC_1_Ack                                0x08005a63   Thumb Code    48  iic.o(.text)
    IIC_1_NAck                               0x08005a93   Thumb Code    48  iic.o(.text)
    IIC_1_Send_Byte                          0x08005ac3   Thumb Code    86  iic.o(.text)
    IIC_1_Read_Byte                          0x08005b19   Thumb Code    96  iic.o(.text)
    ADS_angle_Read                           0x08005b79   Thumb Code   578  iic.o(.text)
    IIC_2_Init                               0x08005dbb   Thumb Code    54  iic.o(.text)
    IIC_2_Start                              0x08005df1   Thumb Code    50  iic.o(.text)
    IIC_2_Stop                               0x08005e23   Thumb Code    52  iic.o(.text)
    IIC_2_Wait_Ack                           0x08005e57   Thumb Code    74  iic.o(.text)
    IIC_2_Ack                                0x08005ea1   Thumb Code    50  iic.o(.text)
    IIC_2_NAck                               0x08005ed3   Thumb Code    50  iic.o(.text)
    IIC_2_Send_Byte                          0x08005f05   Thumb Code    84  iic.o(.text)
    IIC_2_Read_Byte                          0x08005f59   Thumb Code    94  iic.o(.text)
    ADS_1_Read                               0x08005fb7   Thumb Code   558  iic.o(.text)
    ADC_angle_Check                          0x080061e5   Thumb Code   252  iic.o(.text)
    ADC_electric_Check                       0x080062e1   Thumb Code   146  iic.o(.text)
    uart3_init                               0x080063a5   Thumb Code   162  uart3.o(.text)
    USART3_IRQHandler                        0x08006447   Thumb Code    44  uart3.o(.text)
    UART3_Put_Char                           0x08006473   Thumb Code    30  uart3.o(.text)
    UartRead                                 0x08006491   Thumb Code    42  uart3.o(.text)
    rs485_UartWrite                          0x080064bb   Thumb Code    54  uart3.o(.text)
    UartDriver                               0x080064f1   Thumb Code   296  uart3.o(.text)
    UartRxMonitor                            0x08006619   Thumb Code    54  uart3.o(.text)
    delay_init                               0x08006661   Thumb Code    38  delay.o(.text)
    delay_us                                 0x08006687   Thumb Code    46  delay.o(.text)
    delay_xms                                0x080066b5   Thumb Code    46  delay.o(.text)
    delay_ms                                 0x080066e3   Thumb Code    50  delay.o(.text)
    _sys_exit                                0x08006719   Thumb Code     2  usart.o(.text)
    fputc                                    0x0800671b   Thumb Code    18  usart.o(.text)
    uart_init                                0x0800672d   Thumb Code   164  usart.o(.text)
    USART6_IRQHandler_disabled               0x080067d1   Thumb Code    92  usart.o(.text)
    Reset_Handler                            0x0800683d   Thumb Code     8  startup_stm32f40_41xxx.o(.text)
    ADC_IRQHandler                           0x08006857   Thumb Code     0  startup_stm32f40_41xxx.o(.text)
    CAN1_RX0_IRQHandler                      0x08006857   Thumb Code     0  startup_stm32f40_41xxx.o(.text)
    CAN1_RX1_IRQHandler                      0x08006857   Thumb Code     0  startup_stm32f40_41xxx.o(.text)
    CAN1_SCE_IRQHandler                      0x08006857   Thumb Code     0  startup_stm32f40_41xxx.o(.text)
    CAN1_TX_IRQHandler                       0x08006857   Thumb Code     0  startup_stm32f40_41xxx.o(.text)
    CAN2_RX0_IRQHandler                      0x08006857   Thumb Code     0  startup_stm32f40_41xxx.o(.text)
    CAN2_RX1_IRQHandler                      0x08006857   Thumb Code     0  startup_stm32f40_41xxx.o(.text)
    CAN2_SCE_IRQHandler                      0x08006857   Thumb Code     0  startup_stm32f40_41xxx.o(.text)
    CAN2_TX_IRQHandler                       0x08006857   Thumb Code     0  startup_stm32f40_41xxx.o(.text)
    CRYP_IRQHandler                          0x08006857   Thumb Code     0  startup_stm32f40_41xxx.o(.text)
    DCMI_IRQHandler                          0x08006857   Thumb Code     0  startup_stm32f40_41xxx.o(.text)
    DMA1_Stream0_IRQHandler                  0x08006857   Thumb Code     0  startup_stm32f40_41xxx.o(.text)
    DMA1_Stream1_IRQHandler                  0x08006857   Thumb Code     0  startup_stm32f40_41xxx.o(.text)
    DMA1_Stream2_IRQHandler                  0x08006857   Thumb Code     0  startup_stm32f40_41xxx.o(.text)
    DMA1_Stream3_IRQHandler                  0x08006857   Thumb Code     0  startup_stm32f40_41xxx.o(.text)
    DMA1_Stream4_IRQHandler                  0x08006857   Thumb Code     0  startup_stm32f40_41xxx.o(.text)
    DMA1_Stream5_IRQHandler                  0x08006857   Thumb Code     0  startup_stm32f40_41xxx.o(.text)
    DMA1_Stream6_IRQHandler                  0x08006857   Thumb Code     0  startup_stm32f40_41xxx.o(.text)
    DMA1_Stream7_IRQHandler                  0x08006857   Thumb Code     0  startup_stm32f40_41xxx.o(.text)
    DMA2_Stream0_IRQHandler                  0x08006857   Thumb Code     0  startup_stm32f40_41xxx.o(.text)
    DMA2_Stream1_IRQHandler                  0x08006857   Thumb Code     0  startup_stm32f40_41xxx.o(.text)
    DMA2_Stream2_IRQHandler                  0x08006857   Thumb Code     0  startup_stm32f40_41xxx.o(.text)
    DMA2_Stream3_IRQHandler                  0x08006857   Thumb Code     0  startup_stm32f40_41xxx.o(.text)
    DMA2_Stream4_IRQHandler                  0x08006857   Thumb Code     0  startup_stm32f40_41xxx.o(.text)
    DMA2_Stream5_IRQHandler                  0x08006857   Thumb Code     0  startup_stm32f40_41xxx.o(.text)
    DMA2_Stream6_IRQHandler                  0x08006857   Thumb Code     0  startup_stm32f40_41xxx.o(.text)
    ETH_IRQHandler                           0x08006857   Thumb Code     0  startup_stm32f40_41xxx.o(.text)
    ETH_WKUP_IRQHandler                      0x08006857   Thumb Code     0  startup_stm32f40_41xxx.o(.text)
    EXTI0_IRQHandler                         0x08006857   Thumb Code     0  startup_stm32f40_41xxx.o(.text)
    EXTI15_10_IRQHandler                     0x08006857   Thumb Code     0  startup_stm32f40_41xxx.o(.text)
    EXTI1_IRQHandler                         0x08006857   Thumb Code     0  startup_stm32f40_41xxx.o(.text)
    EXTI2_IRQHandler                         0x08006857   Thumb Code     0  startup_stm32f40_41xxx.o(.text)
    EXTI4_IRQHandler                         0x08006857   Thumb Code     0  startup_stm32f40_41xxx.o(.text)
    EXTI9_5_IRQHandler                       0x08006857   Thumb Code     0  startup_stm32f40_41xxx.o(.text)
    FLASH_IRQHandler                         0x08006857   Thumb Code     0  startup_stm32f40_41xxx.o(.text)
    FPU_IRQHandler                           0x08006857   Thumb Code     0  startup_stm32f40_41xxx.o(.text)
    FSMC_IRQHandler                          0x08006857   Thumb Code     0  startup_stm32f40_41xxx.o(.text)
    HASH_RNG_IRQHandler                      0x08006857   Thumb Code     0  startup_stm32f40_41xxx.o(.text)
    I2C1_ER_IRQHandler                       0x08006857   Thumb Code     0  startup_stm32f40_41xxx.o(.text)
    I2C1_EV_IRQHandler                       0x08006857   Thumb Code     0  startup_stm32f40_41xxx.o(.text)
    I2C2_ER_IRQHandler                       0x08006857   Thumb Code     0  startup_stm32f40_41xxx.o(.text)
    I2C2_EV_IRQHandler                       0x08006857   Thumb Code     0  startup_stm32f40_41xxx.o(.text)
    I2C3_ER_IRQHandler                       0x08006857   Thumb Code     0  startup_stm32f40_41xxx.o(.text)
    I2C3_EV_IRQHandler                       0x08006857   Thumb Code     0  startup_stm32f40_41xxx.o(.text)
    OTG_FS_IRQHandler                        0x08006857   Thumb Code     0  startup_stm32f40_41xxx.o(.text)
    OTG_FS_WKUP_IRQHandler                   0x08006857   Thumb Code     0  startup_stm32f40_41xxx.o(.text)
    OTG_HS_EP1_IN_IRQHandler                 0x08006857   Thumb Code     0  startup_stm32f40_41xxx.o(.text)
    OTG_HS_EP1_OUT_IRQHandler                0x08006857   Thumb Code     0  startup_stm32f40_41xxx.o(.text)
    OTG_HS_IRQHandler                        0x08006857   Thumb Code     0  startup_stm32f40_41xxx.o(.text)
    OTG_HS_WKUP_IRQHandler                   0x08006857   Thumb Code     0  startup_stm32f40_41xxx.o(.text)
    PVD_IRQHandler                           0x08006857   Thumb Code     0  startup_stm32f40_41xxx.o(.text)
    RCC_IRQHandler                           0x08006857   Thumb Code     0  startup_stm32f40_41xxx.o(.text)
    RTC_Alarm_IRQHandler                     0x08006857   Thumb Code     0  startup_stm32f40_41xxx.o(.text)
    RTC_WKUP_IRQHandler                      0x08006857   Thumb Code     0  startup_stm32f40_41xxx.o(.text)
    SDIO_IRQHandler                          0x08006857   Thumb Code     0  startup_stm32f40_41xxx.o(.text)
    SPI1_IRQHandler                          0x08006857   Thumb Code     0  startup_stm32f40_41xxx.o(.text)
    SPI2_IRQHandler                          0x08006857   Thumb Code     0  startup_stm32f40_41xxx.o(.text)
    SPI3_IRQHandler                          0x08006857   Thumb Code     0  startup_stm32f40_41xxx.o(.text)
    TAMP_STAMP_IRQHandler                    0x08006857   Thumb Code     0  startup_stm32f40_41xxx.o(.text)
    TIM1_BRK_TIM9_IRQHandler                 0x08006857   Thumb Code     0  startup_stm32f40_41xxx.o(.text)
    TIM1_CC_IRQHandler                       0x08006857   Thumb Code     0  startup_stm32f40_41xxx.o(.text)
    TIM1_TRG_COM_TIM11_IRQHandler            0x08006857   Thumb Code     0  startup_stm32f40_41xxx.o(.text)
    TIM1_UP_TIM10_IRQHandler                 0x08006857   Thumb Code     0  startup_stm32f40_41xxx.o(.text)
    TIM2_IRQHandler                          0x08006857   Thumb Code     0  startup_stm32f40_41xxx.o(.text)
    TIM4_IRQHandler                          0x08006857   Thumb Code     0  startup_stm32f40_41xxx.o(.text)
    TIM5_IRQHandler                          0x08006857   Thumb Code     0  startup_stm32f40_41xxx.o(.text)
    TIM8_BRK_TIM12_IRQHandler                0x08006857   Thumb Code     0  startup_stm32f40_41xxx.o(.text)
    TIM8_CC_IRQHandler                       0x08006857   Thumb Code     0  startup_stm32f40_41xxx.o(.text)
    TIM8_TRG_COM_TIM14_IRQHandler            0x08006857   Thumb Code     0  startup_stm32f40_41xxx.o(.text)
    TIM8_UP_TIM13_IRQHandler                 0x08006857   Thumb Code     0  startup_stm32f40_41xxx.o(.text)
    WWDG_IRQHandler                          0x08006857   Thumb Code     0  startup_stm32f40_41xxx.o(.text)
    NVIC_PriorityGroupConfig                 0x08006861   Thumb Code    10  misc.o(.text)
    NVIC_Init                                0x0800686b   Thumb Code    98  misc.o(.text)
    NVIC_SetVectorTable                      0x080068cd   Thumb Code    14  misc.o(.text)
    NVIC_SystemLPConfig                      0x080068db   Thumb Code    24  misc.o(.text)
    SysTick_CLKSourceConfig                  0x080068f3   Thumb Code    28  misc.o(.text)
    GPIO_DeInit                              0x0800691d   Thumb Code   296  stm32f4xx_gpio.o(.text)
    GPIO_Init                                0x08006a45   Thumb Code   124  stm32f4xx_gpio.o(.text)
    GPIO_StructInit                          0x08006ac1   Thumb Code    18  stm32f4xx_gpio.o(.text)
    GPIO_PinLockConfig                       0x08006ad3   Thumb Code    26  stm32f4xx_gpio.o(.text)
    GPIO_ReadInputDataBit                    0x08006aed   Thumb Code    14  stm32f4xx_gpio.o(.text)
    GPIO_ReadInputData                       0x08006afb   Thumb Code     6  stm32f4xx_gpio.o(.text)
    GPIO_ReadOutputDataBit                   0x08006b01   Thumb Code    14  stm32f4xx_gpio.o(.text)
    GPIO_ReadOutputData                      0x08006b0f   Thumb Code     6  stm32f4xx_gpio.o(.text)
    GPIO_SetBits                             0x08006b15   Thumb Code     4  stm32f4xx_gpio.o(.text)
    GPIO_ResetBits                           0x08006b19   Thumb Code     4  stm32f4xx_gpio.o(.text)
    GPIO_WriteBit                            0x08006b1d   Thumb Code    12  stm32f4xx_gpio.o(.text)
    GPIO_Write                               0x08006b29   Thumb Code     4  stm32f4xx_gpio.o(.text)
    GPIO_ToggleBits                          0x08006b2d   Thumb Code     8  stm32f4xx_gpio.o(.text)
    GPIO_PinAFConfig                         0x08006b35   Thumb Code    32  stm32f4xx_gpio.o(.text)
    USART_DeInit                             0x08006b81   Thumb Code   224  stm32f4xx_usart.o(.text)
    USART_Init                               0x08006c61   Thumb Code   180  stm32f4xx_usart.o(.text)
    USART_StructInit                         0x08006d15   Thumb Code    22  stm32f4xx_usart.o(.text)
    USART_ClockInit                          0x08006d2b   Thumb Code    28  stm32f4xx_usart.o(.text)
    USART_ClockStructInit                    0x08006d47   Thumb Code    12  stm32f4xx_usart.o(.text)
    USART_Cmd                                0x08006d53   Thumb Code    24  stm32f4xx_usart.o(.text)
    USART_SetPrescaler                       0x08006d6b   Thumb Code    16  stm32f4xx_usart.o(.text)
    USART_OverSampling8Cmd                   0x08006d7b   Thumb Code    24  stm32f4xx_usart.o(.text)
    USART_OneBitMethodCmd                    0x08006d93   Thumb Code    24  stm32f4xx_usart.o(.text)
    USART_SendData                           0x08006dab   Thumb Code     8  stm32f4xx_usart.o(.text)
    USART_ReceiveData                        0x08006db3   Thumb Code     8  stm32f4xx_usart.o(.text)
    USART_SetAddress                         0x08006dbb   Thumb Code    16  stm32f4xx_usart.o(.text)
    USART_ReceiverWakeUpCmd                  0x08006dcb   Thumb Code    24  stm32f4xx_usart.o(.text)
    USART_WakeUpConfig                       0x08006de3   Thumb Code    16  stm32f4xx_usart.o(.text)
    USART_LINBreakDetectLengthConfig         0x08006df3   Thumb Code    16  stm32f4xx_usart.o(.text)
    USART_LINCmd                             0x08006e03   Thumb Code    24  stm32f4xx_usart.o(.text)
    USART_SendBreak                          0x08006e1b   Thumb Code    10  stm32f4xx_usart.o(.text)
    USART_HalfDuplexCmd                      0x08006e25   Thumb Code    24  stm32f4xx_usart.o(.text)
    USART_SetGuardTime                       0x08006e3d   Thumb Code    16  stm32f4xx_usart.o(.text)
    USART_SmartCardCmd                       0x08006e4d   Thumb Code    24  stm32f4xx_usart.o(.text)
    USART_SmartCardNACKCmd                   0x08006e65   Thumb Code    24  stm32f4xx_usart.o(.text)
    USART_IrDAConfig                         0x08006e7d   Thumb Code    16  stm32f4xx_usart.o(.text)
    USART_IrDACmd                            0x08006e8d   Thumb Code    24  stm32f4xx_usart.o(.text)
    USART_DMACmd                             0x08006ea5   Thumb Code    20  stm32f4xx_usart.o(.text)
    USART_ITConfig                           0x08006eb9   Thumb Code    54  stm32f4xx_usart.o(.text)
    USART_GetFlagStatus                      0x08006eef   Thumb Code    14  stm32f4xx_usart.o(.text)
    USART_ClearFlag                          0x08006efd   Thumb Code     8  stm32f4xx_usart.o(.text)
    USART_GetITStatus                        0x08006f05   Thumb Code    64  stm32f4xx_usart.o(.text)
    USART_ClearITPendingBit                  0x08006f45   Thumb Code    16  stm32f4xx_usart.o(.text)
    TIM_DeInit                               0x08006f75   Thumb Code   376  stm32f4xx_tim.o(.text)
    TIM_TimeBaseInit                         0x080070ed   Thumb Code    96  stm32f4xx_tim.o(.text)
    TIM_TimeBaseStructInit                   0x0800714d   Thumb Code    18  stm32f4xx_tim.o(.text)
    TIM_PrescalerConfig                      0x0800715f   Thumb Code     6  stm32f4xx_tim.o(.text)
    TIM_CounterModeConfig                    0x08007165   Thumb Code    12  stm32f4xx_tim.o(.text)
    TIM_SetCounter                           0x08007171   Thumb Code     4  stm32f4xx_tim.o(.text)
    TIM_SetAutoreload                        0x08007175   Thumb Code     4  stm32f4xx_tim.o(.text)
    TIM_GetCounter                           0x08007179   Thumb Code     4  stm32f4xx_tim.o(.text)
    TIM_GetPrescaler                         0x0800717d   Thumb Code     4  stm32f4xx_tim.o(.text)
    TIM_UpdateDisableConfig                  0x08007181   Thumb Code    24  stm32f4xx_tim.o(.text)
    TIM_UpdateRequestConfig                  0x08007199   Thumb Code    24  stm32f4xx_tim.o(.text)
    TIM_ARRPreloadConfig                     0x080071b1   Thumb Code    24  stm32f4xx_tim.o(.text)
    TIM_SelectOnePulseMode                   0x080071c9   Thumb Code    16  stm32f4xx_tim.o(.text)
    TIM_SetClockDivision                     0x080071d9   Thumb Code    16  stm32f4xx_tim.o(.text)
    TIM_Cmd                                  0x080071e9   Thumb Code    24  stm32f4xx_tim.o(.text)
    TIM_OC1Init                              0x08007201   Thumb Code    96  stm32f4xx_tim.o(.text)
    TIM_OC2Init                              0x08007261   Thumb Code   128  stm32f4xx_tim.o(.text)
    TIM_OC3Init                              0x080072e1   Thumb Code   176  stm32f4xx_tim.o(.text)
    TIM_OC4Init                              0x08007391   Thumb Code    92  stm32f4xx_tim.o(.text)
    TIM_OCStructInit                         0x080073ed   Thumb Code    20  stm32f4xx_tim.o(.text)
    TIM_SelectOCxM                           0x08007401   Thumb Code    80  stm32f4xx_tim.o(.text)
    TIM_SetCompare1                          0x08007451   Thumb Code     4  stm32f4xx_tim.o(.text)
    TIM_SetCompare2                          0x08007455   Thumb Code     4  stm32f4xx_tim.o(.text)
    TIM_SetCompare3                          0x08007459   Thumb Code     4  stm32f4xx_tim.o(.text)
    TIM_SetCompare4                          0x0800745d   Thumb Code     4  stm32f4xx_tim.o(.text)
    TIM_ForcedOC1Config                      0x08007461   Thumb Code    12  stm32f4xx_tim.o(.text)
    TIM_ForcedOC2Config                      0x0800746d   Thumb Code    20  stm32f4xx_tim.o(.text)
    TIM_ForcedOC3Config                      0x08007481   Thumb Code    12  stm32f4xx_tim.o(.text)
    TIM_ForcedOC4Config                      0x0800748d   Thumb Code    20  stm32f4xx_tim.o(.text)
    TIM_OC1PreloadConfig                     0x080074a1   Thumb Code    12  stm32f4xx_tim.o(.text)
    TIM_OC2PreloadConfig                     0x080074ad   Thumb Code    20  stm32f4xx_tim.o(.text)
    TIM_OC3PreloadConfig                     0x080074c1   Thumb Code    12  stm32f4xx_tim.o(.text)
    TIM_OC4PreloadConfig                     0x080074cd   Thumb Code    20  stm32f4xx_tim.o(.text)
    TIM_OC1FastConfig                        0x080074e1   Thumb Code    12  stm32f4xx_tim.o(.text)
    TIM_OC2FastConfig                        0x080074ed   Thumb Code    20  stm32f4xx_tim.o(.text)
    TIM_OC3FastConfig                        0x08007501   Thumb Code    12  stm32f4xx_tim.o(.text)
    TIM_OC4FastConfig                        0x0800750d   Thumb Code    20  stm32f4xx_tim.o(.text)
    TIM_ClearOC1Ref                          0x08007521   Thumb Code    12  stm32f4xx_tim.o(.text)
    TIM_ClearOC2Ref                          0x0800752d   Thumb Code    20  stm32f4xx_tim.o(.text)
    TIM_ClearOC3Ref                          0x08007541   Thumb Code    12  stm32f4xx_tim.o(.text)
    TIM_ClearOC4Ref                          0x0800754d   Thumb Code    20  stm32f4xx_tim.o(.text)
    TIM_OC1PolarityConfig                    0x08007561   Thumb Code    12  stm32f4xx_tim.o(.text)
    TIM_OC1NPolarityConfig                   0x0800756d   Thumb Code    12  stm32f4xx_tim.o(.text)
    TIM_OC2PolarityConfig                    0x08007579   Thumb Code    20  stm32f4xx_tim.o(.text)
    TIM_OC2NPolarityConfig                   0x0800758d   Thumb Code    20  stm32f4xx_tim.o(.text)
    TIM_OC3PolarityConfig                    0x080075a1   Thumb Code    20  stm32f4xx_tim.o(.text)
    TIM_OC3NPolarityConfig                   0x080075b5   Thumb Code    20  stm32f4xx_tim.o(.text)
    TIM_OC4PolarityConfig                    0x080075c9   Thumb Code    20  stm32f4xx_tim.o(.text)
    TIM_CCxCmd                               0x080075dd   Thumb Code    22  stm32f4xx_tim.o(.text)
    TIM_CCxNCmd                              0x080075f3   Thumb Code    22  stm32f4xx_tim.o(.text)
    TIM_SetIC4Prescaler                      0x08007609   Thumb Code    24  stm32f4xx_tim.o(.text)
    TIM_SetIC3Prescaler                      0x08007657   Thumb Code    16  stm32f4xx_tim.o(.text)
    TIM_SetIC2Prescaler                      0x08007699   Thumb Code    24  stm32f4xx_tim.o(.text)
    TIM_SetIC1Prescaler                      0x080076e7   Thumb Code    16  stm32f4xx_tim.o(.text)
    TIM_ICInit                               0x08007725   Thumb Code    90  stm32f4xx_tim.o(.text)
    TIM_ICStructInit                         0x0800777f   Thumb Code    16  stm32f4xx_tim.o(.text)
    TIM_PWMIConfig                           0x0800778f   Thumb Code   116  stm32f4xx_tim.o(.text)
    TIM_GetCapture1                          0x08007803   Thumb Code     4  stm32f4xx_tim.o(.text)
    TIM_GetCapture2                          0x08007807   Thumb Code     4  stm32f4xx_tim.o(.text)
    TIM_GetCapture3                          0x0800780b   Thumb Code     4  stm32f4xx_tim.o(.text)
    TIM_GetCapture4                          0x0800780f   Thumb Code     4  stm32f4xx_tim.o(.text)
    TIM_BDTRConfig                           0x08007813   Thumb Code    34  stm32f4xx_tim.o(.text)
    TIM_BDTRStructInit                       0x08007835   Thumb Code    18  stm32f4xx_tim.o(.text)
    TIM_CtrlPWMOutputs                       0x08007847   Thumb Code    28  stm32f4xx_tim.o(.text)
    TIM_SelectCOM                            0x08007863   Thumb Code    24  stm32f4xx_tim.o(.text)
    TIM_CCPreloadControl                     0x0800787b   Thumb Code    24  stm32f4xx_tim.o(.text)
    TIM_ITConfig                             0x08007893   Thumb Code    20  stm32f4xx_tim.o(.text)
    TIM_GenerateEvent                        0x080078a7   Thumb Code     4  stm32f4xx_tim.o(.text)
    TIM_GetFlagStatus                        0x080078ab   Thumb Code    14  stm32f4xx_tim.o(.text)
    TIM_ClearFlag                            0x080078b9   Thumb Code     6  stm32f4xx_tim.o(.text)
    TIM_GetITStatus                          0x080078bf   Thumb Code    24  stm32f4xx_tim.o(.text)
    TIM_ClearITPendingBit                    0x080078d7   Thumb Code     6  stm32f4xx_tim.o(.text)
    TIM_DMAConfig                            0x080078dd   Thumb Code     8  stm32f4xx_tim.o(.text)
    TIM_DMACmd                               0x080078e5   Thumb Code    20  stm32f4xx_tim.o(.text)
    TIM_SelectCCDMA                          0x080078f9   Thumb Code    24  stm32f4xx_tim.o(.text)
    TIM_InternalClockConfig                  0x08007911   Thumb Code    10  stm32f4xx_tim.o(.text)
    TIM_SelectInputTrigger                   0x0800791b   Thumb Code    12  stm32f4xx_tim.o(.text)
    TIM_ITRxExternalClockConfig              0x08007927   Thumb Code    20  stm32f4xx_tim.o(.text)
    TIM_TIxExternalClockConfig               0x0800793b   Thumb Code    48  stm32f4xx_tim.o(.text)
    TIM_ETRConfig                            0x0800796b   Thumb Code    24  stm32f4xx_tim.o(.text)
    TIM_ETRClockMode1Config                  0x08007983   Thumb Code    32  stm32f4xx_tim.o(.text)
    TIM_ETRClockMode2Config                  0x080079a3   Thumb Code    20  stm32f4xx_tim.o(.text)
    TIM_SelectOutputTrigger                  0x080079b7   Thumb Code    16  stm32f4xx_tim.o(.text)
    TIM_SelectSlaveMode                      0x080079c7   Thumb Code    16  stm32f4xx_tim.o(.text)
    TIM_SelectMasterSlaveMode                0x080079d7   Thumb Code    16  stm32f4xx_tim.o(.text)
    TIM_EncoderInterfaceConfig               0x080079e7   Thumb Code    50  stm32f4xx_tim.o(.text)
    TIM_SelectHallSensor                     0x08007a19   Thumb Code    24  stm32f4xx_tim.o(.text)
    TIM_RemapConfig                          0x08007a31   Thumb Code     6  stm32f4xx_tim.o(.text)
    SYSCFG_DeInit                            0x08007a39   Thumb Code    24  stm32f4xx_syscfg.o(.text)
    SYSCFG_MemoryRemapConfig                 0x08007a51   Thumb Code     6  stm32f4xx_syscfg.o(.text)
    SYSCFG_MemorySwappingBank                0x08007a57   Thumb Code     6  stm32f4xx_syscfg.o(.text)
    SYSCFG_EXTILineConfig                    0x08007a5d   Thumb Code    38  stm32f4xx_syscfg.o(.text)
    SYSCFG_ETH_MediaInterfaceConfig          0x08007a83   Thumb Code     8  stm32f4xx_syscfg.o(.text)
    SYSCFG_CompensationCellCmd               0x08007a8b   Thumb Code     6  stm32f4xx_syscfg.o(.text)
    SYSCFG_GetCompensationCellStatus         0x08007a91   Thumb Code    16  stm32f4xx_syscfg.o(.text)
    RCC_DeInit                               0x08007ab1   Thumb Code    68  stm32f4xx_rcc.o(.text)
    RCC_HSEConfig                            0x08007af5   Thumb Code    12  stm32f4xx_rcc.o(.text)
    RCC_GetFlagStatus                        0x08007b01   Thumb Code    50  stm32f4xx_rcc.o(.text)
    RCC_WaitForHSEStartUp                    0x08007b33   Thumb Code    48  stm32f4xx_rcc.o(.text)
    RCC_AdjustHSICalibrationValue            0x08007b63   Thumb Code    16  stm32f4xx_rcc.o(.text)
    RCC_HSICmd                               0x08007b73   Thumb Code     6  stm32f4xx_rcc.o(.text)
    RCC_LSEConfig                            0x08007b79   Thumb Code    30  stm32f4xx_rcc.o(.text)
    RCC_LSICmd                               0x08007b97   Thumb Code     6  stm32f4xx_rcc.o(.text)
    RCC_PLLConfig                            0x08007b9d   Thumb Code    34  stm32f4xx_rcc.o(.text)
    RCC_PLLCmd                               0x08007bbf   Thumb Code     6  stm32f4xx_rcc.o(.text)
    RCC_PLLI2SConfig                         0x08007bc5   Thumb Code    14  stm32f4xx_rcc.o(.text)
    RCC_PLLI2SCmd                            0x08007bd3   Thumb Code     6  stm32f4xx_rcc.o(.text)
    RCC_PLLSAIConfig                         0x08007bd9   Thumb Code    18  stm32f4xx_rcc.o(.text)
    RCC_PLLSAICmd                            0x08007beb   Thumb Code     6  stm32f4xx_rcc.o(.text)
    RCC_ClockSecuritySystemCmd               0x08007bf1   Thumb Code     6  stm32f4xx_rcc.o(.text)
    RCC_MCO1Config                           0x08007bf7   Thumb Code    18  stm32f4xx_rcc.o(.text)
    RCC_MCO2Config                           0x08007c09   Thumb Code    18  stm32f4xx_rcc.o(.text)
    RCC_SYSCLKConfig                         0x08007c1b   Thumb Code    16  stm32f4xx_rcc.o(.text)
    RCC_GetSYSCLKSource                      0x08007c2b   Thumb Code    12  stm32f4xx_rcc.o(.text)
    RCC_HCLKConfig                           0x08007c37   Thumb Code    16  stm32f4xx_rcc.o(.text)
    RCC_PCLK1Config                          0x08007c47   Thumb Code    16  stm32f4xx_rcc.o(.text)
    RCC_PCLK2Config                          0x08007c57   Thumb Code    18  stm32f4xx_rcc.o(.text)
    RCC_GetClocksFreq                        0x08007c69   Thumb Code   150  stm32f4xx_rcc.o(.text)
    RCC_RTCCLKConfig                         0x08007cff   Thumb Code    42  stm32f4xx_rcc.o(.text)
    RCC_RTCCLKCmd                            0x08007d29   Thumb Code     8  stm32f4xx_rcc.o(.text)
    RCC_BackupResetCmd                       0x08007d31   Thumb Code     8  stm32f4xx_rcc.o(.text)
    RCC_I2SCLKConfig                         0x08007d39   Thumb Code     6  stm32f4xx_rcc.o(.text)
    RCC_SAIPLLI2SClkDivConfig                0x08007d3f   Thumb Code    18  stm32f4xx_rcc.o(.text)
    RCC_SAIPLLSAIClkDivConfig                0x08007d51   Thumb Code    20  stm32f4xx_rcc.o(.text)
    RCC_SAIBlockACLKConfig                   0x08007d65   Thumb Code    16  stm32f4xx_rcc.o(.text)
    RCC_SAIBlockBCLKConfig                   0x08007d75   Thumb Code    16  stm32f4xx_rcc.o(.text)
    RCC_LTDCCLKDivConfig                     0x08007d85   Thumb Code    16  stm32f4xx_rcc.o(.text)
    RCC_TIMCLKPresConfig                     0x08007d95   Thumb Code     6  stm32f4xx_rcc.o(.text)
    RCC_AHB1PeriphClockCmd                   0x08007d9b   Thumb Code    24  stm32f4xx_rcc.o(.text)
    RCC_AHB2PeriphClockCmd                   0x08007db3   Thumb Code    24  stm32f4xx_rcc.o(.text)
    RCC_AHB3PeriphClockCmd                   0x08007dcb   Thumb Code    24  stm32f4xx_rcc.o(.text)
    RCC_APB1PeriphClockCmd                   0x08007de3   Thumb Code    24  stm32f4xx_rcc.o(.text)
    RCC_APB2PeriphClockCmd                   0x08007dfb   Thumb Code    24  stm32f4xx_rcc.o(.text)
    RCC_AHB1PeriphResetCmd                   0x08007e13   Thumb Code    24  stm32f4xx_rcc.o(.text)
    RCC_AHB2PeriphResetCmd                   0x08007e2b   Thumb Code    24  stm32f4xx_rcc.o(.text)
    RCC_AHB3PeriphResetCmd                   0x08007e43   Thumb Code    24  stm32f4xx_rcc.o(.text)
    RCC_APB1PeriphResetCmd                   0x08007e5b   Thumb Code    24  stm32f4xx_rcc.o(.text)
    RCC_APB2PeriphResetCmd                   0x08007e73   Thumb Code    24  stm32f4xx_rcc.o(.text)
    RCC_AHB1PeriphClockLPModeCmd             0x08007e8b   Thumb Code    70  stm32f4xx_rcc.o(.text)
    RCC_AHB2PeriphClockLPModeCmd             0x08007ed1   Thumb Code    22  stm32f4xx_rcc.o(.text)
    RCC_AHB3PeriphClockLPModeCmd             0x08007ee7   Thumb Code    24  stm32f4xx_rcc.o(.text)
    RCC_APB1PeriphClockLPModeCmd             0x08007eff   Thumb Code    24  stm32f4xx_rcc.o(.text)
    RCC_APB2PeriphClockLPModeCmd             0x08007f17   Thumb Code    24  stm32f4xx_rcc.o(.text)
    RCC_LSEModeConfig                        0x08007f2f   Thumb Code    28  stm32f4xx_rcc.o(.text)
    RCC_ITConfig                             0x08007f4b   Thumb Code    24  stm32f4xx_rcc.o(.text)
    RCC_ClearFlag                            0x08007f63   Thumb Code    14  stm32f4xx_rcc.o(.text)
    RCC_GetITStatus                          0x08007f71   Thumb Code    18  stm32f4xx_rcc.o(.text)
    RCC_ClearITPendingBit                    0x08007f83   Thumb Code     8  stm32f4xx_rcc.o(.text)
    EXTI_DeInit                              0x08007f91   Thumb Code    28  stm32f4xx_exti.o(.text)
    EXTI_Init                                0x08007fad   Thumb Code   110  stm32f4xx_exti.o(.text)
    EXTI_StructInit                          0x0800801b   Thumb Code    14  stm32f4xx_exti.o(.text)
    EXTI_GenerateSWInterrupt                 0x08008029   Thumb Code    12  stm32f4xx_exti.o(.text)
    EXTI_GetFlagStatus                       0x08008035   Thumb Code    18  stm32f4xx_exti.o(.text)
    EXTI_ClearFlag                           0x08008047   Thumb Code     8  stm32f4xx_exti.o(.text)
    EXTI_GetITStatus                         0x0800804f   Thumb Code    18  stm32f4xx_exti.o(.text)
    EXTI_ClearITPendingBit                   0x08008061   Thumb Code     8  stm32f4xx_exti.o(.text)
    DMA_DeInit                               0x08008071   Thumb Code   278  stm32f4xx_dma.o(.text)
    DMA_Init                                 0x08008187   Thumb Code    80  stm32f4xx_dma.o(.text)
    DMA_StructInit                           0x080081d7   Thumb Code    34  stm32f4xx_dma.o(.text)
    DMA_Cmd                                  0x080081f9   Thumb Code    24  stm32f4xx_dma.o(.text)
    DMA_PeriphIncOffsetSizeConfig            0x08008211   Thumb Code    24  stm32f4xx_dma.o(.text)
    DMA_FlowControllerConfig                 0x08008229   Thumb Code    24  stm32f4xx_dma.o(.text)
    DMA_SetCurrDataCounter                   0x08008241   Thumb Code     4  stm32f4xx_dma.o(.text)
    DMA_GetCurrDataCounter                   0x08008245   Thumb Code     6  stm32f4xx_dma.o(.text)
    DMA_DoubleBufferModeConfig               0x0800824b   Thumb Code    26  stm32f4xx_dma.o(.text)
    DMA_DoubleBufferModeCmd                  0x08008265   Thumb Code    24  stm32f4xx_dma.o(.text)
    DMA_MemoryTargetConfig                   0x0800827d   Thumb Code    12  stm32f4xx_dma.o(.text)
    DMA_GetCurrentMemoryTarget               0x08008289   Thumb Code    14  stm32f4xx_dma.o(.text)
    DMA_GetCmdStatus                         0x08008297   Thumb Code    14  stm32f4xx_dma.o(.text)
    DMA_GetFIFOStatus                        0x080082a5   Thumb Code     8  stm32f4xx_dma.o(.text)
    DMA_GetFlagStatus                        0x080082ad   Thumb Code    42  stm32f4xx_dma.o(.text)
    DMA_ClearFlag                            0x080082d7   Thumb Code    34  stm32f4xx_dma.o(.text)
    DMA_ITConfig                             0x080082f9   Thumb Code    50  stm32f4xx_dma.o(.text)
    DMA_GetITStatus                          0x0800832b   Thumb Code    70  stm32f4xx_dma.o(.text)
    DMA_ClearITPendingBit                    0x08008371   Thumb Code    34  stm32f4xx_dma.o(.text)
    IWDG_WriteAccessCmd                      0x080083b5   Thumb Code     6  stm32f4xx_iwdg.o(.text)
    IWDG_SetPrescaler                        0x080083bb   Thumb Code     6  stm32f4xx_iwdg.o(.text)
    IWDG_SetReload                           0x080083c1   Thumb Code     6  stm32f4xx_iwdg.o(.text)
    IWDG_ReloadCounter                       0x080083c7   Thumb Code    10  stm32f4xx_iwdg.o(.text)
    IWDG_Enable                              0x080083d1   Thumb Code    10  stm32f4xx_iwdg.o(.text)
    IWDG_GetFlagStatus                       0x080083db   Thumb Code    16  stm32f4xx_iwdg.o(.text)
    prot_crc16                               0x080083f1   Thumb Code    60  protocol.o(.text)
    prot_parse_byte                          0x0800842d   Thumb Code   210  protocol.o(.text)
    prot_build                               0x080084ff   Thumb Code    78  protocol.o(.text)
    retrofit_on_estop                        0x08008567   Thumb Code    32  retrofit.o(.text)
    retrofit_on_tool_frame                   0x08008587   Thumb Code    54  retrofit.o(.text)
    retrofit_on_nav_frame                    0x080085bd   Thumb Code    86  retrofit.o(.text)
    USART6_IRQHandler                        0x08008613   Thumb Code    96  retrofit.o(.text)
    retrofit_clear_estop                     0x080086a1   Thumb Code    12  retrofit.o(.text)
    retrofit_wheel_speed                     0x0800870f   Thumb Code    56  retrofit.o(.text)
    retrofit_poll_1ms                        0x080089a5   Thumb Code    72  retrofit.o(.text)
    retrofit_init                            0x08008a57   Thumb Code   522  retrofit.o(.text)
    TIM3_IRQHandler                          0x08008c61   Thumb Code   180  retrofit.o(.text)
    retrofit_notify_sbus                     0x08008d15   Thumb Code     8  retrofit.o(.text)
    retrofit_get_wheel_cmd                   0x08008d1d   Thumb Code    20  retrofit.o(.text)
    TIM6_DAC_IRQHandler                      0x08008d31   Thumb Code    32  retrofit.o(.text)
    __aeabi_memcpy                           0x08008d75   Thumb Code    36  memcpya.o(.text)
    __aeabi_memcpy4                          0x08008d75   Thumb Code     0  memcpya.o(.text)
    __aeabi_memcpy8                          0x08008d75   Thumb Code     0  memcpya.o(.text)
    __aeabi_memset                           0x08008d99   Thumb Code    14  memseta.o(.text)
    __aeabi_memset4                          0x08008d99   Thumb Code     0  memseta.o(.text)
    __aeabi_memset8                          0x08008d99   Thumb Code     0  memseta.o(.text)
    __aeabi_memclr                           0x08008da7   Thumb Code     4  memseta.o(.text)
    __aeabi_memclr4                          0x08008da7   Thumb Code     0  memseta.o(.text)
    __aeabi_memclr8                          0x08008da7   Thumb Code     0  memseta.o(.text)
    _memset$wrapper                          0x08008dab   Thumb Code    18  memseta.o(.text)
    __aeabi_dadd                             0x08008dbd   Thumb Code   322  dadd.o(.text)
    __aeabi_dsub                             0x08008eff   Thumb Code     6  dadd.o(.text)
    __aeabi_drsub                            0x08008f05   Thumb Code     6  dadd.o(.text)
    __aeabi_dmul                             0x08008f0b   Thumb Code   228  dmul.o(.text)
    __aeabi_ddiv                             0x08008fef   Thumb Code   222  ddiv.o(.text)
    __aeabi_i2d                              0x080090cd   Thumb Code    34  dflti.o(.text)
    __aeabi_ui2d                             0x080090ef   Thumb Code    26  dfltui.o(.text)
    __aeabi_d2iz                             0x08009109   Thumb Code    62  dfixi.o(.text)
    __aeabi_d2uiz                            0x08009147   Thumb Code    50  dfixui.o(.text)
    __aeabi_f2d                              0x08009179   Thumb Code    38  f2d.o(.text)
    __aeabi_cdcmpeq                          0x080091a1   Thumb Code     0  cdcmple.o(.text)
    __aeabi_cdcmple                          0x080091a1   Thumb Code    48  cdcmple.o(.text)
    __aeabi_cdrcmple                         0x080091d1   Thumb Code    48  cdrcmple.o(.text)
    __aeabi_d2f                              0x08009201   Thumb Code    56  d2f.o(.text)
    __aeabi_uidiv                            0x08009239   Thumb Code     0  uidiv.o(.text)
    __aeabi_uidivmod                         0x08009239   Thumb Code    44  uidiv.o(.text)
    __aeabi_uldivmod                         0x08009265   Thumb Code    98  uldiv.o(.text)
    __aeabi_llsl                             0x080092c7   Thumb Code    30  llshl.o(.text)
    _ll_shift_l                              0x080092c7   Thumb Code     0  llshl.o(.text)
    __aeabi_llsr                             0x080092e5   Thumb Code    32  llushr.o(.text)
    _ll_ushift_r                             0x080092e5   Thumb Code     0  llushr.o(.text)
    __aeabi_lasr                             0x08009305   Thumb Code    36  llsshr.o(.text)
    _ll_sshift_r                             0x08009305   Thumb Code     0  llsshr.o(.text)
    __I$use$fp                               0x08009329   Thumb Code     0  iusefp.o(.text)
    _float_round                             0x08009329   Thumb Code    18  fepilogue.o(.text)
    _float_epilogue                          0x0800933b   Thumb Code    92  fepilogue.o(.text)
    _double_round                            0x08009397   Thumb Code    30  depilogue.o(.text)
    _double_epilogue                         0x080093b5   Thumb Code   156  depilogue.o(.text)
    __aeabi_d2ulz                            0x08009451   Thumb Code    48  dfixul.o(.text)
    __scatterload                            0x08009481   Thumb Code    28  init.o(.text)
    __scatterload_rt2                        0x08009481   Thumb Code     0  init.o(.text)
    __decompress                             0x080094a5   Thumb Code     0  __dczerorl2.o(.text)
    __decompress1                            0x080094a5   Thumb Code    86  __dczerorl2.o(.text)
    __0printf                                0x080094fd   Thumb Code    22  printfa.o(i.__0printf)
    __1printf                                0x080094fd   Thumb Code     0  printfa.o(i.__0printf)
    __2printf                                0x080094fd   Thumb Code     0  printfa.o(i.__0printf)
    __c89printf                              0x080094fd   Thumb Code     0  printfa.o(i.__0printf)
    printf                                   0x080094fd   Thumb Code     0  printfa.o(i.__0printf)
    __0sprintf                               0x0800951d   Thumb Code    34  printfa.o(i.__0sprintf)
    __1sprintf                               0x0800951d   Thumb Code     0  printfa.o(i.__0sprintf)
    __2sprintf                               0x0800951d   Thumb Code     0  printfa.o(i.__0sprintf)
    __c89sprintf                             0x0800951d   Thumb Code     0  printfa.o(i.__0sprintf)
    sprintf                                  0x0800951d   Thumb Code     0  printfa.o(i.__0sprintf)
    __ARM_fpclassify                         0x08009545   Thumb Code    48  fpclassify.o(i.__ARM_fpclassify)
    __hardfp_atan                            0x08009579   Thumb Code   622  atan.o(i.__hardfp_atan)
    __hardfp_cos                             0x08009851   Thumb Code   180  cos.o(i.__hardfp_cos)
    __hardfp_fabs                            0x08009919   Thumb Code    20  fabs.o(i.__hardfp_fabs)
    __hardfp_tan                             0x08009931   Thumb Code   108  tan.o(i.__hardfp_tan)
    __ieee754_rem_pio2                       0x080099b1   Thumb Code   938  rred.o(i.__ieee754_rem_pio2)
    __kernel_cos                             0x08009de9   Thumb Code   322  cos_i.o(i.__kernel_cos)
    __kernel_poly                            0x08009f59   Thumb Code   248  poly.o(i.__kernel_poly)
    __kernel_sin                             0x0800a051   Thumb Code   280  sin_i.o(i.__kernel_sin)
    __kernel_tan                             0x0800a181   Thumb Code   764  tan_i.o(i.__kernel_tan)
    __mathlib_dbl_infnan                     0x0800a4d1   Thumb Code    20  dunder.o(i.__mathlib_dbl_infnan)
    __mathlib_dbl_invalid                    0x0800a4e9   Thumb Code    24  dunder.o(i.__mathlib_dbl_invalid)
    __mathlib_dbl_underflow                  0x0800a509   Thumb Code    24  dunder.o(i.__mathlib_dbl_underflow)
    __scatterload_copy                       0x0800a529   Thumb Code    14  handlers.o(i.__scatterload_copy)
    __scatterload_null                       0x0800a537   Thumb Code     2  handlers.o(i.__scatterload_null)
    __scatterload_zeroinit                   0x0800a539   Thumb Code    14  handlers.o(i.__scatterload_zeroinit)
    __set_errno                              0x0800a549   Thumb Code     6  errno.o(i.__set_errno)
    fabs                                     0x0800ae11   Thumb Code    24  fabs.o(i.fabs)
    Region$$Table$$Base                      0x0800b100   Number         0  anon$$obj.o(Region$$Table)
    Region$$Table$$Limit                     0x0800b120   Number         0  anon$$obj.o(Region$$Table)
    B                                        0x20000000   Data           8  main.o(.data)
    L                                        0x20000008   Data           8  main.o(.data)
    B_Horizontal                             0x20000010   Data           8  main.o(.data)
    L_Horizontal                             0x20000018   Data           8  main.o(.data)
    veloc_actual                             0x20000020   Data           8  main.o(.data)
    flag_steer_limit                         0x20000028   Data           1  main.o(.data)
    flag_sensor                              0x20000029   Data           1  main.o(.data)
    Obstacle_avoidance_flag                  0x2000002a   Data           1  main.o(.data)
    Obstacle_avoidance_flag_only             0x2000002b   Data           1  main.o(.data)
    battery_voltage_flag_only                0x2000002c   Data           1  main.o(.data)
    Adjusting_wheelbase                      0x2000002d   Data           1  main.o(.data)
    Brake_protection_flag                    0x2000002e   Data           1  main.o(.data)
    steer_motor_speed                        0x20000030   Data           4  main.o(.data)
    Brake_protection_value                   0x20000034   Data           4  main.o(.data)
    veloc_limit                              0x20000038   Data           8  main.o(.data)
    sensor_ratio                             0x20000040   Data           8  main.o(.data)
    angle_limit                              0x20000048   Data           8  main.o(.data)
    angle_limit_single                       0x20000050   Data           8  main.o(.data)
    transmission_ratio_steer                 0x20000058   Data           8  main.o(.data)
    ultrasonic_1                             0x20000060   Data           4  main.o(.data)
    ultrasonic_2                             0x20000064   Data           4  main.o(.data)
    ultrasonic_3                             0x20000068   Data           4  main.o(.data)
    ultrasonic_4                             0x2000006c   Data           4  main.o(.data)
    wheel_angle_limit                        0x20000070   Data           8  main.o(.data)
    flag_Steering_mode                       0x20000078   Data           1  main.o(.data)
    angle_add                                0x20000080   Data           8  main.o(.data)
    flag_car_mode                            0x20000088   Data           1  main.o(.data)
    SystemCoreClock                          0x2000008c   Data           4  system_stm32f4xx.o(.data)
    AHBPrescTable                            0x20000090   Data          16  system_stm32f4xx.o(.data)
    mp3_flag                                 0x200000a0   Data           1  path_plan.o(.data)
    mp3_flag_last                            0x200000a1   Data           1  path_plan.o(.data)
    mp3_time                                 0x200000a2   Data           1  path_plan.o(.data)
    mp3_other                                0x200000a3   Data           1  path_plan.o(.data)
    Switch_direction_Horizontal_flag         0x200000a4   Data           4  path_plan.o(.data)
    Switch_direction                         0x200000c0   Data           8  path_plan.o(.data)
    control_flag                             0x200000c8   Data          48  path_plan.o(.data)
    CHANGE_FLAG                              0x200000f8   Data           1  telecontrol.o(.data)
    LOCK_FLAG                                0x200000f9   Data           1  telecontrol.o(.data)
    flag_sbus                                0x200000fc   Data           2  telecontrol.o(.data)
    Upper_computer_date                      0x20000300   Data          32  uart5.o(.data)
    state                                    0x20000320   Data           1  uart5.o(.data)
    uart_byte_count                          0x20000321   Data           1  uart5.o(.data)
    RS485_RX_CNT                             0x20000328   Data           1  uart2.o(.data)
    Encoder_Data                             0x20000330   Data           8  uart2.o(.data)
    UART4_RX_CNT                             0x20000338   Data           1  uart4.o(.data)
    flagFrame4                               0x20000339   Data           1  uart4.o(.data)
    delay_usr                                0x2000033c   Data           4  uart4.o(.data)
    base                                     0x20000348   Data           2  iic.o(.data)
    base1                                    0x2000034a   Data           2  iic.o(.data)
    v0                                       0x2000034c   Data           4  iic.o(.data)
    v1                                       0x20000350   Data           4  iic.o(.data)
    v2                                       0x20000354   Data           4  iic.o(.data)
    v3                                       0x20000358   Data           4  iic.o(.data)
    v1_0                                     0x2000035c   Data           4  iic.o(.data)
    v1_1                                     0x20000360   Data           4  iic.o(.data)
    v1_2                                     0x20000364   Data           4  iic.o(.data)
    v1_3                                     0x20000368   Data           4  iic.o(.data)
    battery_voltage                          0x20000370   Data           8  iic.o(.data)
    stop_voltage                             0x20000378   Data           8  iic.o(.data)
    base_voltage                             0x20000380   Data           8  iic.o(.data)
    control_voltage                          0x20000388   Data           8  iic.o(.data)
    volt0                                    0x20000390   Data           8  iic.o(.data)
    volt1                                    0x20000398   Data           8  iic.o(.data)
    volt2                                    0x200003a0   Data           8  iic.o(.data)
    volt3                                    0x200003a8   Data           8  iic.o(.data)
    check_current0                           0x200003b0   Data           8  iic.o(.data)
    check_current1                           0x200003b8   Data           8  iic.o(.data)
    check_current2                           0x200003c0   Data           8  iic.o(.data)
    check_current3                           0x200003c8   Data           8  iic.o(.data)
    USART3_RX_CNT                            0x200003d0   Data           1  uart3.o(.data)
    flagFrame                                0x200003d1   Data           1  uart3.o(.data)
    USART_RX_STA                             0x200003da   Data           2  usart.o(.data)
    __stdout                                 0x200003dc   Data           4  usart.o(.data)
    AD_angle                                 0x20000428   Data          32  adc.o(.bss)
    angle                                    0x20000448   Data          32  path_plan.o(.bss)
    veloc                                    0x20000468   Data          32  path_plan.o(.bss)
    rec_sbus_data                            0x20000488   Data          35  telecontrol.o(.bss)
    sbus_channel                             0x200004ac   Data          64  telecontrol.o(.bss)
    sbus_filiter_channel                     0x200004ec   Data          64  telecontrol.o(.bss)
    USART_RX_BUF2                            0x2000052c   Data         100  uart5.o(.bss)
    RS485_RX_BUF                             0x20000590   Data          32  uart2.o(.bss)
    manual_contorl                           0x200005b0   Data          96  uart4.o(.bss)
    UART4_RX_BUF                             0x2000064c   Data          64  uart4.o(.bss)
    regGroup                                 0x2000068c   Data          16  uart3.o(.bss)
    USART3_RX_BUF                            0x200006d8   Data          64  uart3.o(.bss)
    USART_RX_BUF                             0x20000718   Data         200  usart.o(.bss)
    __initial_sp                             0x20001020   Data           0  startup_stm32f40_41xxx.o(STACK)



==============================================================================

Memory Map of the image

  Image Entry point : 0x08000189

  Load Region LR_IROM1 (Base: 0x08000000, Size: 0x0000b548, Max: 0x00100000, ABSOLUTE, COMPRESSED[0x0000b2d8])

    Execution Region ER_IROM1 (Exec base: 0x08000000, Load base: 0x08000000, Size: 0x0000b120, Max: 0x00100000, ABSOLUTE)

    Exec Addr    Load Addr    Size         Type   Attr      Idx    E Section Name        Object

    0x08000000   0x08000000   0x00000188   Data   RO          825    RESET               startup_stm32f40_41xxx.o
    0x08000188   0x08000188   0x00000000   Code   RO         1160  * .ARM.Collect$$$$00000000  mc_w.l(entry.o)
    0x08000188   0x08000188   0x00000004   Code   RO         1492    .ARM.Collect$$$$00000001  mc_w.l(entry2.o)
    0x0800018c   0x0800018c   0x00000004   Code   RO         1495    .ARM.Collect$$$$00000004  mc_w.l(entry5.o)
    0x08000190   0x08000190   0x00000000   Code   RO         1497    .ARM.Collect$$$$00000008  mc_w.l(entry7b.o)
    0x08000190   0x08000190   0x00000000   Code   RO         1499    .ARM.Collect$$$$0000000A  mc_w.l(entry8b.o)
    0x08000190   0x08000190   0x00000008   Code   RO         1500    .ARM.Collect$$$$0000000B  mc_w.l(entry9a.o)
    0x08000198   0x08000198   0x00000000   Code   RO         1502    .ARM.Collect$$$$0000000D  mc_w.l(entry10a.o)
    0x08000198   0x08000198   0x00000000   Code   RO         1504    .ARM.Collect$$$$0000000F  mc_w.l(entry11a.o)
    0x08000198   0x08000198   0x00000004   Code   RO         1493    .ARM.Collect$$$$00002712  mc_w.l(entry2.o)
    0x0800019c   0x0800019c   0x00000f04   Code   RO            3    .text               main.o
    0x080010a0   0x080010a0   0x00000012   Code   RO          228    .text               stm32f4xx_it.o
    0x080010b2   0x080010b2   0x00000002   PAD
    0x080010b4   0x080010b4   0x00000190   Code   RO          277    .text               system_stm32f4xx.o
    0x08001244   0x08001244   0x0000074c   Code   RO          303    .text               led.o
    0x08001990   0x08001990   0x00000320   Code   RO          341    .text               pwm.o
    0x08001cb0   0x08001cb0   0x000000b8   Code   RO          405    .text               exti.o
    0x08001d68   0x08001d68   0x0000248c   Code   RO          487    .text               path_plan.o
    0x080041f4   0x080041f4   0x00000344   Code   RO          529    .text               telecontrol.o
    0x08004538   0x08004538   0x0000002c   Code   RO          579    .text               crc2.o
    0x08004564   0x08004564   0x00000364   Code   RO          604    .text               uart5.o
    0x080048c8   0x080048c8   0x000005f8   Code   RO          631    .text               uart2.o
    0x08004ec0   0x08004ec0   0x00000a94   Code   RO          656    .text               uart4.o
    0x08005954   0x08005954   0x0000002a   Code   RO          685    .text               iwdg.o
    0x0800597e   0x0800597e   0x00000002   PAD
    0x08005980   0x08005980   0x00000a24   Code   RO          705    .text               iic.o
    0x080063a4   0x080063a4   0x000002bc   Code   RO          729    .text               uart3.o
    0x08006660   0x08006660   0x000000b8   Code   RO          753    .text               delay.o
    0x08006718   0x08006718   0x00000124   Code   RO          793    .text               usart.o
    0x0800683c   0x0800683c   0x00000024   Code   RO          826    .text               startup_stm32f40_41xxx.o
    0x08006860   0x08006860   0x000000bc   Code   RO          832    .text               misc.o
    0x0800691c   0x0800691c   0x00000264   Code   RO          852    .text               stm32f4xx_gpio.o
    0x08006b80   0x08006b80   0x000003f4   Code   RO          872    .text               stm32f4xx_usart.o
    0x08006f74   0x08006f74   0x00000ac2   Code   RO          892    .text               stm32f4xx_tim.o
    0x08007a36   0x08007a36   0x00000002   PAD
    0x08007a38   0x08007a38   0x00000078   Code   RO          912    .text               stm32f4xx_syscfg.o
    0x08007ab0   0x08007ab0   0x000004e0   Code   RO          932    .text               stm32f4xx_rcc.o
    0x08007f90   0x08007f90   0x000000e0   Code   RO          997    .text               stm32f4xx_exti.o
    0x08008070   0x08008070   0x00000344   Code   RO         1017    .text               stm32f4xx_dma.o
    0x080083b4   0x080083b4   0x0000003c   Code   RO         1057    .text               stm32f4xx_iwdg.o
    0x080083f0   0x080083f0   0x00000164   Code   RO         1075    .text               protocol.o
    0x08008554   0x08008554   0x00000820   Code   RO         1095    .text               retrofit.o
    0x08008d74   0x08008d74   0x00000024   Code   RO         1163    .text               mc_w.l(memcpya.o)
    0x08008d98   0x08008d98   0x00000024   Code   RO         1165    .text               mc_w.l(memseta.o)
    0x08008dbc   0x08008dbc   0x0000014e   Code   RO         1430    .text               mf_w.l(dadd.o)
    0x08008f0a   0x08008f0a   0x000000e4   Code   RO         1432    .text               mf_w.l(dmul.o)
    0x08008fee   0x08008fee   0x000000de   Code   RO         1434    .text               mf_w.l(ddiv.o)
    0x080090cc   0x080090cc   0x00000022   Code   RO         1438    .text               mf_w.l(dflti.o)
    0x080090ee   0x080090ee   0x0000001a   Code   RO         1440    .text               mf_w.l(dfltui.o)
    0x08009108   0x08009108   0x0000003e   Code   RO         1442    .text               mf_w.l(dfixi.o)
    0x08009146   0x08009146   0x00000032   Code   RO         1444    .text               mf_w.l(dfixui.o)
    0x08009178   0x08009178   0x00000026   Code   RO         1446    .text               mf_w.l(f2d.o)
    0x0800919e   0x0800919e   0x00000002   PAD
    0x080091a0   0x080091a0   0x00000030   Code   RO         1448    .text               mf_w.l(cdcmple.o)
    0x080091d0   0x080091d0   0x00000030   Code   RO         1450    .text               mf_w.l(cdrcmple.o)
    0x08009200   0x08009200   0x00000038   Code   RO         1452    .text               mf_w.l(d2f.o)
    0x08009238   0x08009238   0x0000002c   Code   RO         1506    .text               mc_w.l(uidiv.o)
    0x08009264   0x08009264   0x00000062   Code   RO         1508    .text               mc_w.l(uldiv.o)
    0x080092c6   0x080092c6   0x0000001e   Code   RO         1510    .text               mc_w.l(llshl.o)
    0x080092e4   0x080092e4   0x00000020   Code   RO         1512    .text               mc_w.l(llushr.o)
    0x08009304   0x08009304   0x00000024   Code   RO         1514    .text               mc_w.l(llsshr.o)
    0x08009328   0x08009328   0x00000000   Code   RO         1523    .text               mc_w.l(iusefp.o)
    0x08009328   0x08009328   0x0000006e   Code   RO         1524    .text               mf_w.l(fepilogue.o)
    0x08009396   0x08009396   0x000000ba   Code   RO         1526    .text               mf_w.l(depilogue.o)
    0x08009450   0x08009450   0x00000030   Code   RO         1528    .text               mf_w.l(dfixul.o)
    0x08009480   0x08009480   0x00000024   Code   RO         1530    .text               mc_w.l(init.o)
    0x080094a4   0x080094a4   0x00000056   Code   RO         1540    .text               mc_w.l(__dczerorl2.o)
    0x080094fa   0x080094fa   0x00000002   PAD
    0x080094fc   0x080094fc   0x00000020   Code   RO         1402    i.__0printf         mc_w.l(printfa.o)
    0x0800951c   0x0800951c   0x00000028   Code   RO         1404    i.__0sprintf        mc_w.l(printfa.o)
    0x08009544   0x08009544   0x00000030   Code   RO         1471    i.__ARM_fpclassify  m_wm.l(fpclassify.o)
    0x08009574   0x08009574   0x00000004   PAD
    0x08009578   0x08009578   0x000002d8   Code   RO         1116    i.__hardfp_atan     m_wm.l(atan.o)
    0x08009850   0x08009850   0x000000c8   Code   RO         1130    i.__hardfp_cos      m_wm.l(cos.o)
    0x08009918   0x08009918   0x00000014   Code   RO         1142    i.__hardfp_fabs     m_wm.l(fabs.o)
    0x0800992c   0x0800992c   0x00000004   PAD
    0x08009930   0x08009930   0x00000080   Code   RO         1148    i.__hardfp_tan      m_wm.l(tan.o)
    0x080099b0   0x080099b0   0x00000438   Code   RO         1475    i.__ieee754_rem_pio2  m_wm.l(rred.o)
    0x08009de8   0x08009de8   0x00000170   Code   RO         1454    i.__kernel_cos      m_wm.l(cos_i.o)
    0x08009f58   0x08009f58   0x000000f8   Code   RO         1473    i.__kernel_poly     m_wm.l(poly.o)
    0x0800a050   0x0800a050   0x00000130   Code   RO         1480    i.__kernel_sin      m_wm.l(sin_i.o)
    0x0800a180   0x0800a180   0x00000350   Code   RO         1486    i.__kernel_tan      m_wm.l(tan_i.o)
    0x0800a4d0   0x0800a4d0   0x00000014   Code   RO         1458    i.__mathlib_dbl_infnan  m_wm.l(dunder.o)
    0x0800a4e4   0x0800a4e4   0x00000004   PAD
    0x0800a4e8   0x0800a4e8   0x00000020   Code   RO         1460    i.__mathlib_dbl_invalid  m_wm.l(dunder.o)
    0x0800a508   0x0800a508   0x00000020   Code   RO         1463    i.__mathlib_dbl_underflow  m_wm.l(dunder.o)
    0x0800a528   0x0800a528   0x0000000e   Code   RO         1534    i.__scatterload_copy  mc_w.l(handlers.o)
    0x0800a536   0x0800a536   0x00000002   Code   RO         1535    i.__scatterload_null  mc_w.l(handlers.o)
    0x0800a538   0x0800a538   0x0000000e   Code   RO         1536    i.__scatterload_zeroinit  mc_w.l(handlers.o)
    0x0800a546   0x0800a546   0x00000002   PAD
    0x0800a548   0x0800a548   0x0000000c   Code   RO         1518    i.__set_errno       mc_w.l(errno.o)
    0x0800a554   0x0800a554   0x00000184   Code   RO         1409    i._fp_digits        mc_w.l(printfa.o)
    0x0800a6d8   0x0800a6d8   0x000006dc   Code   RO         1410    i._printf_core      mc_w.l(printfa.o)
    0x0800adb4   0x0800adb4   0x00000024   Code   RO         1411    i._printf_post_padding  mc_w.l(printfa.o)
    0x0800add8   0x0800add8   0x0000002e   Code   RO         1412    i._printf_pre_padding  mc_w.l(printfa.o)
    0x0800ae06   0x0800ae06   0x0000000a   Code   RO         1414    i._sputc            mc_w.l(printfa.o)
    0x0800ae10   0x0800ae10   0x00000018   Code   RO         1144    i.fabs              m_wm.l(fabs.o)
    0x0800ae28   0x0800ae28   0x00000020   Data   RO            4    .constdata          main.o
    0x0800ae48   0x0800ae48   0x00000098   Data   RO         1119    .constdata          m_wm.l(atan.o)
    0x0800aee0   0x0800aee0   0x00000030   Data   RO         1455    .constdata          m_wm.l(cos_i.o)
    0x0800af10   0x0800af10   0x000000c8   Data   RO         1477    .constdata          m_wm.l(rred.o)
    0x0800afd8   0x0800afd8   0x00000028   Data   RO         1481    .constdata          m_wm.l(sin_i.o)
    0x0800b000   0x0800b000   0x00000060   Data   RO         1487    .constdata          m_wm.l(tan_i.o)
    0x0800b060   0x0800b060   0x0000009e   Data   RO            5    .conststring        main.o
    0x0800b0fe   0x0800b0fe   0x00000002   PAD
    0x0800b100   0x0800b100   0x00000020   Data   RO         1532    Region$$Table       anon$$obj.o


    Execution Region RW_IRAM1 (Exec base: 0x20000000, Load base: 0x0800b120, Size: 0x00001020, Max: 0x00020000, ABSOLUTE, COMPRESSED[0x000001b8])

    Exec Addr    Load Addr    Size         Type   Attr      Idx    E Section Name        Object

    0x20000000   COMPRESSED   0x00000008   Data   RW            6    .data               main.o
    0x20000008   COMPRESSED   0x00000008   Data   RW            7    .data               main.o
    0x20000010   COMPRESSED   0x00000008   Data   RW            8    .data               main.o
    0x20000018   COMPRESSED   0x00000008   Data   RW            9    .data               main.o
    0x20000020   COMPRESSED   0x00000008   Data   RW           13    .data               main.o
    0x20000028   COMPRESSED   0x00000020   Data   RW           14    .data               main.o
    0x20000048   COMPRESSED   0x00000008   Data   RW           15    .data               main.o
    0x20000050   COMPRESSED   0x00000008   Data   RW           16    .data               main.o
    0x20000058   COMPRESSED   0x00000008   Data   RW           18    .data               main.o
    0x20000060   COMPRESSED   0x00000004   Data   RW           19    .data               main.o
    0x20000064   COMPRESSED   0x00000004   Data   RW           20    .data               main.o
    0x20000068   COMPRESSED   0x00000004   Data   RW           21    .data               main.o
    0x2000006c   COMPRESSED   0x00000004   Data   RW           22    .data               main.o
    0x20000070   COMPRESSED   0x00000008   Data   RW           23    .data               main.o
    0x20000078   COMPRESSED   0x00000001   Data   RW           25    .data               main.o
    0x20000079   COMPRESSED   0x00000007   PAD
    0x20000080   COMPRESSED   0x00000008   Data   RW           26    .data               main.o
    0x20000088   COMPRESSED   0x00000001   Data   RW           27    .data               main.o
    0x20000089   COMPRESSED   0x00000003   PAD
    0x2000008c   COMPRESSED   0x00000014   Data   RW          278    .data               system_stm32f4xx.o
    0x200000a0   COMPRESSED   0x00000058   Data   RW          489    .data               path_plan.o
    0x200000f8   COMPRESSED   0x00000006   Data   RW          531    .data               telecontrol.o
    0x200000fe   COMPRESSED   0x00000200   Data   RW          580    .data               crc2.o
    0x200002fe   COMPRESSED   0x00000002   PAD
    0x20000300   COMPRESSED   0x00000020   Data   RW          606    .data               uart5.o
    0x20000320   COMPRESSED   0x00000002   Data   RW          607    .data               uart5.o
    0x20000322   COMPRESSED   0x00000006   PAD
    0x20000328   COMPRESSED   0x00000010   Data   RW          633    .data               uart2.o
    0x20000338   COMPRESSED   0x0000000c   Data   RW          659    .data               uart4.o
    0x20000344   COMPRESSED   0x00000004   PAD
    0x20000348   COMPRESSED   0x00000088   Data   RW          706    .data               iic.o
    0x200003d0   COMPRESSED   0x00000006   Data   RW          731    .data               uart3.o
    0x200003d6   COMPRESSED   0x00000004   Data   RW          754    .data               delay.o
    0x200003da   COMPRESSED   0x00000002   Data   RW          795    .data               usart.o
    0x200003dc   COMPRESSED   0x00000004   Data   RW          796    .data               usart.o
    0x200003e0   COMPRESSED   0x00000010   Data   RW          933    .data               stm32f4xx_rcc.o
    0x200003f0   COMPRESSED   0x00000006   Data   RW         1077    .data               protocol.o
    0x200003f6   COMPRESSED   0x00000002   PAD
    0x200003f8   COMPRESSED   0x0000002c   Data   RW         1097    .data               retrofit.o
    0x20000424   COMPRESSED   0x00000004   Data   RW         1519    .data               mc_w.l(errno.o)
    0x20000428        -       0x00000020   Zero   RW          324    .bss                adc.o
    0x20000448        -       0x00000040   Zero   RW          488    .bss                path_plan.o
    0x20000488        -       0x000000a4   Zero   RW          530    .bss                telecontrol.o
    0x2000052c        -       0x00000064   Zero   RW          605    .bss                uart5.o
    0x20000590        -       0x00000020   Zero   RW          632    .bss                uart2.o
    0x200005b0        -       0x000000dc   Zero   RW          657    .bss                uart4.o
    0x2000068c        -       0x0000008c   Zero   RW          730    .bss                uart3.o
    0x20000718        -       0x000000c8   Zero   RW          794    .bss                usart.o
    0x200007e0        -       0x00000205   Zero   RW         1076    .bss                protocol.o
    0x200009e5   COMPRESSED   0x00000003   PAD
    0x200009e8        -       0x00000236   Zero   RW         1096    .bss                retrofit.o
    0x20000c1e   COMPRESSED   0x00000002   PAD
    0x20000c20        -       0x00000400   Zero   RW          823    STACK               startup_stm32f40_41xxx.o


==============================================================================

Image component sizes


      Code (inc. data)   RO Data    RW Data    ZI Data      Debug   Object Name

         0          0          0          0         32        571   adc.o
        44          6          0        512          0       1369   crc2.o
       184          4          0          4          0       1517   delay.o
       184         18          0          0          0        890   exti.o
      2596         82          0        136          0       7178   iic.o
        42          0          0          0          0        694   iwdg.o
      1868        224          0          0          0       3155   led.o
      3844        772        190        130          0     301230   main.o
       188         14          0          0          0       2017   misc.o
      9356        480          0         88         64       8817   path_plan.o
       356         16          0          6        517       2840   protocol.o
       800         34          0          0          0       1835   pwm.o
      2080        110          0         44        566       7373   retrofit.o
        36          8        392          0       1024        828   startup_stm32f40_41xxx.o
       836         34          0          0          0       6985   stm32f4xx_dma.o
       224          8          0          0          0       2447   stm32f4xx_exti.o
       612         44          0          0          0       4773   stm32f4xx_gpio.o
        18          0          0          0          0       1210   stm32f4xx_it.o
        60          6          0          0          0       1373   stm32f4xx_iwdg.o
      1248         52          0         16          0      13740   stm32f4xx_rcc.o
       120         16          0          0          0       1893   stm32f4xx_syscfg.o
      2754         60          0          0          0      24976   stm32f4xx_tim.o
      1012         32          0          0          0       8808   stm32f4xx_usart.o
       400         36          0         20          0       1895   system_stm32f4xx.o
       836         28          0          6        164       3352   telecontrol.o
      1528        182          0         16         32       4836   uart2.o
       700         18          0          6        140       3637   uart3.o
      2708        104          0         12        220       7682   uart4.o
       868         74          0         34        100       3611   uart5.o
       292         16          0          6        200       3395   usart.o

    ----------------------------------------------------------------------
     35800       2478        616       1060       3064     434927   Object Totals
         0          0         32          0          0          0   (incl. Generated)
         6          0          2         24          5          0   (incl. Padding)

    ----------------------------------------------------------------------

      Code (inc. data)   RO Data    RW Data    ZI Data      Debug   Library Member Name

       728        106        152          0          0        228   atan.o
       200         20          0          0          0        164   cos.o
       368         46         48          0          0        200   cos_i.o
        84         16          0          0          0        372   dunder.o
        44          0          0          0          0        248   fabs.o
        48          0          0          0          0        124   fpclassify.o
       248          0          0          0          0        152   poly.o
      1080        142        200          0          0        188   rred.o
       304         24         40          0          0        208   sin_i.o
       128         20          0          0          0        144   tan.o
       848         84         96          0          0        196   tan_i.o
        86          0          0          0          0          0   __dczerorl2.o
         0          0          0          0          0          0   entry.o
         0          0          0          0          0          0   entry10a.o
         0          0          0          0          0          0   entry11a.o
         8          4          0          0          0          0   entry2.o
         4          0          0          0          0          0   entry5.o
         0          0          0          0          0          0   entry7b.o
         0          0          0          0          0          0   entry8b.o
         8          4          0          0          0          0   entry9a.o
        12          6          0          4          0         68   errno.o
        30          0          0          0          0          0   handlers.o
        36          8          0          0          0         68   init.o
         0          0          0          0          0          0   iusefp.o
        30          0          0          0          0         68   llshl.o
        36          0          0          0          0         68   llsshr.o
        32          0          0          0          0         68   llushr.o
        36          0          0          0          0         68   memcpya.o
        36          0          0          0          0        108   memseta.o
      2308         96          0          0          0        604   printfa.o
        44          0          0          0          0         80   uidiv.o
        98          0          0          0          0         92   uldiv.o
        48          0          0          0          0         68   cdcmple.o
        48          0          0          0          0         68   cdrcmple.o
        56          0          0          0          0         88   d2f.o
       334          0          0          0          0        148   dadd.o
       222          0          0          0          0        100   ddiv.o
       186          0          0          0          0        176   depilogue.o
        62          0          0          0          0         80   dfixi.o
        50          0          0          0          0         76   dfixui.o
        48          0          0          0          0         68   dfixul.o
        34          0          0          0          0         76   dflti.o
        26          0          0          0          0         76   dfltui.o
       228          0          0          0          0         96   dmul.o
        38          0          0          0          0         68   f2d.o
       110          0          0          0          0        168   fepilogue.o

    ----------------------------------------------------------------------
      8392        576        536          4          0       4872   Library Totals
        18          0          0          0          0          0   (incl. Padding)

    ----------------------------------------------------------------------

      Code (inc. data)   RO Data    RW Data    ZI Data      Debug   Library Name

      4080        458        536          0          0       2224   m_wm.l
      2804        118          0          4          0       1292   mc_w.l
      1490          0          0          0          0       1356   mf_w.l

    ----------------------------------------------------------------------
      8392        576        536          4          0       4872   Library Totals

    ----------------------------------------------------------------------

==============================================================================


      Code (inc. data)   RO Data    RW Data    ZI Data      Debug   

     44192       3054       1152       1064       3064     431379   Grand Totals
     44192       3054       1152        440       3064     431379   ELF Image Totals (compressed)
     44192       3054       1152        440          0          0   ROM Totals

==============================================================================

    Total RO  Size (Code + RO Data)                45344 (  44.28kB)
    Total RW  Size (RW Data + ZI Data)              4128 (   4.03kB)
    Total ROM Size (Code + RO Data + RW Data)      45784 (  44.71kB)

==============================================================================

